top - 09:28:14 up 23:25,  2 users,  load average: 0,07, 0,06, 0,05
Tarefas: 249 total,   2 em exec., 247 dormindo,   0 parado,   0 zumbi
%CPU(s):  2,4 us,  0,0 sy,  0,0 ni, 97,6 id,  0,0 wa,  0,0 hi,  0,0 si,  0,0 st 
MB mem :   5920,9 total,    493,6 free,   1660,4 used,   4088,6 buff/cache     
MB swap:   4096,0 total,   4095,4 free,      0,6 used.   4260,6 avail mem 

    PID USUARIO   PR  NI    VIRT    RES    SHR S  %CPU  %MEM    TEMPO+ COMANDO
   3390 aluno     20   0 4934048 386096 146108 S   0,0   6,4   3:38.43 gnome-s+
  54827 aluno     30  10  832216 209252 112124 S   0,0   3,5   0:04.29 update-+
   4501 aluno     20   0   21,9g 158752  64236 S   0,0   2,6   1:18.80 node
   4426 aluno     20   0   11,3g 148324  54744 S   0,0   2,4   0:39.75 node
   1599 root      20   0 2914308 119088  72856 S   0,0   2,0   0:44.24 dockerd
   4043 aluno     20   0 1412512 104504  78336 S   0,0   1,7   0:00.21 mutter-+
   3982 aluno     20   0  640704  85916  68252 S   0,0   1,4   0:00.25 gsd-xse+
   4489 aluno     20   0 1165428  83800  49396 S   0,0   1,4   1:28.59 node
   3834 aluno     20   0  245144  68860  55072 S   0,0   1,1   0:00.14 Xwayland
   3602 aluno     20   0  829168  65912  51820 S   0,0   1,1   0:00.44 evoluti+
   4512 aluno     20   0 1264080  62980  49256 S   0,0   1,0   0:14.02 node
   4193 aluno     20   0  702092  61860  48580 S   0,0   1,0   1:49.11 gnome-t+
   1445 root      20   0 2193288  56792  38196 S   0,0   0,9   0:42.60 contain+
  13429 root      20   0  548592  47732  40996 S   0,0   0,8   0:03.48 fwupd
   3515 aluno     20   0 1277124  44208  35968 S   0,0   0,7   0:00.23 evoluti+
  33336 root      20   0 2072488  43304  27128 S   0,0   0,7   0:07.01 snapd
   3994 aluno     20   0  841688  42588  32320 S   0,0   0,7   0:00.27 xdg-des+
   4686 aluno     20   0  567604  35200  27444 S   0,0   0,6   0:02.11 update-+
   4108 aluno     20   0  439892  34820  27200 S   0,0   0,6   0:00.76 snapd-d+
   3833 aluno     20   0  749612  31396  27256 S   0,0   0,5   0:00.22 evoluti+
   3739 aluno     20   0  419808  31316  19876 S   0,0   0,5   0:02.99 ibus-ex+
   3925 aluno     39  19  732340  30060  19056 S   0,0   0,5   0:00.55 tracker+
   3947 aluno     20   0 2660548  28104  22992 S   0,0   0,5   0:00.09 gjs
   3533 aluno     20   0 2652312  27904  23172 S   0,0   0,5   0:00.12 gjs
   4030 aluno     20   0  416136  27752  20736 S   0,0   0,5   0:00.16 xdg-des+
    272 root      19  -1   75440  27472  25860 S   0,0   0,5   0:02.72 systemd+
   3559 aluno     20   0  740004  27292  23428 S   0,0   0,5   0:00.14 gsd-med+
   1570 root      20   0   90452  26780  23524 S   0,0   0,4   0:00.31 smbd
   4028 aluno     20   0  265416  26260  19344 S   0,0   0,4   0:00.14 ibus-x11
   3570 aluno     20   0  595592  26056  21980 S   0,0   0,4   0:00.18 gsd-pow+
   3800 aluno     20   0  888668  25620  22108 S   0,0   0,4   0:00.20 evoluti+
   3733 aluno     20   0  544696  25480  21648 S   0,0   0,4   0:00.14 goa-dae+
   4359 aluno     20   0   47648  23948  17400 S   0,0   0,4   0:27.15 code-10+
   1434 root      20   0  109664  23572  14112 S   0,0   0,4   0:00.14 unatten+
   3578 aluno     20   0  484744  22268  18724 S   0,0   0,4   0:00.15 gsd-wac+
   3542 aluno     20   0  411336  22044  18948 S   0,0   0,4   0:00.38 gsd-col+
   1007 root      20   0  335860  21776  17416 S   0,0   0,4   6:25.88 Network+
   3551 aluno     20   0  410172  21304  18304 S   0,0   0,4   0:00.12 gsd-key+
   3359 aluno     20   0  666476  19848  17084 S   0,0   0,3   0:00.13 gnome-s+
   3206 aluno      9 -11  404748  19780  14692 S   0,0   0,3   0:00.18 wireplu+
   1539 root      20   0   78584  19120  16172 S   0,0   0,3   0:45.97 nmbd
   3507 aluno     20   0  654972  18376  15528 S   0,0   0,3   0:00.06 gnome-s+
   3250 aluno     20   0  295976  17212  15272 S   0,0   0,3   0:00.04 gnome-s+
    931 gnome-r+  20   0  512808  17044  14524 S   0,0   0,3   0:00.10 gnome-r+
   1474 colord    20   0  318452  16092  10820 S   0,0   0,3   0:01.29 colord
   3840 aluno     20   0  413824  15736  13692 S   0,0   0,3   0:00.02 gsd-pri+
   3985 aluno     20   0  699616  15600  12692 S   0,0   0,3   0:02.15 xdg-des+
   3203 aluno      9 -11  113268  15336   9172 S   0,0   0,3   0:00.18 pipewire
      1 root      20   0   23540  15152   9880 S   0,0   0,2   0:12.35 systemd
    958 root      20   0  469704  14648  11636 S   0,0   0,2   0:02.04 udisksd
   3207 aluno      9 -11  113520  13816   9928 S   0,0   0,2   0:00.06 pipewir+
  57545 root      20   0   36972  13708  10360 S   0,0   0,2   0:00.05 cupsd
   3575 aluno     20   0  541392  13672  10840 S   0,0   0,2   0:00.41 gsd-sha+
    485 systemd+  20   0   21576  13660  11372 S   0,0   0,2   0:04.77 systemd+
    938 polkitd   20   0  315248  13168   9252 S   0,0   0,2   0:02.83 polkitd
   1081 root      20   0  392104  13028  10944 S   0,0   0,2   0:00.13 ModemMa+
   3539 aluno     20   0  460448  12992   7644 S   0,0   0,2   0:01.58 ibus-da+
   3546 aluno     20   0  429612  12980  11596 S   0,0   0,2   0:00.02 gsd-dat+
   3192 aluno     20   0   21440  12828   9608 S   0,0   0,2   0:04.28 systemd
   3572 aluno     20   0  321812  12644  10520 S   0,0   0,2   0:07.24 gsd-pri+
   3710 aluno     20   0  387356  11484   9412 S   0,0   0,2   0:01.93 gvfs-ud+
   3185 root      20   0  239988  11184   9820 S   0,0   0,2   0:00.01 gdm-ses+
   4255 root      20   0   15280  11008   9200 S   0,0   0,2   0:00.02 sshd
   3577 aluno     20   0  391572  10664   9428 S   0,0   0,2   0:00.03 gsd-sou+
   3209 aluno     20   0  314108  10260   9180 S   0,0   0,2   0:00.05 gnome-k+
   3178 root      20   0  312540  10072   8884 S   0,0   0,2   0:00.02 gdm3
   3789 aluno     20   0  387004  10024   8900 S   0,0   0,2   0:00.52 goa-ide+
   3903 aluno     20   0  607352   9888   8448 S   0,0   0,2   0:00.14 gvfsd-t+
   3534 root      20   0  314332   9552   7996 S   0,0   0,2   0:00.10 upowerd
    956 root      20   0   18148   9164   8036 S   0,0   0,2   0:04.07 systemd+
   3576 aluno     20   0  383752   9060   8064 S   0,0   0,1   0:00.01 gsd-sma+
    353 root      20   0   30880   8900   5140 S   0,0   0,1   0:00.52 systemd+
   3548 aluno     20   0  456924   8840   7872 S   0,0   0,1   0:00.96 gsd-hou+
    947 root      20   0  311236   8616   7620 S   0,0   0,1   0:02.17 account+
   3344 aluno     20   0  312024   8536   7632 S   0,0   0,1   0:00.03 gvfsd
   3790 aluno     20   0  386964   8512   7416 S   0,0   0,1   0:04.41 gvfs-af+
   4253 root      20   0   12028   8364   7220 S   0,0   0,1   0:00.00 sshd
   3861 aluno     20   0  234636   8096   7296 S   0,0   0,1   0:00.56 ibus-en+
   3389 aluno     20   0  382948   8052   7264 S   0,0   0,1   0:00.01 at-spi-+
   3285 aluno     20   0  608016   8012   7220 S   0,0   0,1   0:00.05 xdg-doc+
    876 systemd+  20   0   91060   7988   7012 S   0,0   0,1   0:00.33 systemd+
   3732 aluno     20   0  308460   7988   7272 S   0,0   0,1   0:00.00 ibus-dc+
   3462 aluno     20   0  236076   7928   7168 S   0,0   0,1   0:00.00 at-spi2+
   4202 root      20   0  311200   7904   7144 S   0,0   0,1   0:00.03 power-p+
    469 systemd+  20   0   17572   7828   6912 S   0,0   0,1   0:17.52 systemd+
   3352 aluno     20   0  457576   7796   6976 S   0,0   0,1   0:00.01 gvfsd-f+
   3610 aluno     20   0  305500   7776   6348 S   0,0   0,1   0:00.02 gsd-dis+
   3743 aluno     20   0  308152   7760   7092 S   0,0   0,1   0:00.02 ibus-po+
    926 avahi     20   0   11568   7756   4284 S   0,0   0,1   6:44.19 avahi-d+
    927 message+  20   0   12320   7632   4740 S   0,0   0,1   0:41.54 dbus-da+
   3573 aluno     20   0  528872   7588   6740 S   0,0   0,1   0:00.10 gsd-rfk+
   4340 aluno     20   0   15440   7552   5300 S   0,0   0,1   0:12.22 sshd
   3540 aluno     20   0  381452   7488   6844 S   0,0   0,1   0:00.03 gsd-a11+
    949 root      20   0  307384   7428   6720 S   0,0   0,1   0:00.08 switche+
   3822 aluno     20   0  308316   7312   6560 S   0,0   0,1   0:00.01 gvfs-gp+
   3329 aluno     20   0  162660   7100   6404 S   0,0   0,1   0:00.00 gcr-ssh+
  57604 lp        20   0   16844   7088   6172 S   0,0   0,1   0:00.00 dbus
   3806 aluno     20   0  307356   7068   6416 S   0,0   0,1   0:00.01 gvfs-go+
   3815 aluno     20   0  307348   7000   6372 S   0,0   0,1   0:00.00 gvfs-mt+
   4001 aluno     20   0  233932   6952   6364 S   0,0   0,1   0:00.01 gvfsd-m+
   4633 aluno     20   0    9872   6888   4328 S   0,0   0,1   0:00.47 bash
   3218 aluno     20   0   10884   6832   4856 S   0,0   0,1   0:00.60 dbus-da+
   1590 root      20   0   87824   6780   3612 S   0,0   0,1   0:00.12 smbd-no+
   3574 aluno     20   0  307144   6736   6168 S   0,0   0,1   0:00.02 gsd-scr+
   3244 aluno     20   0  233416   6712   6192 S   0,0   0,1   0:00.00 gdm-way+
   3302 aluno     20   0  307032   6708   6168 S   0,0   0,1   0:00.00 xdg-per+
   1008 root      20   0   17392   6704   5828 S   0,0   0,1   0:00.47 wpa_sup+
   4212 aluno     20   0    9496   6552   4192 S   0,0   0,1   0:00.08 bash
   3205 aluno     20   0  303924   6464   5808 S   0,0   0,1   0:00.59 user-se+
   1070 syslog    20   0  222572   6384   4604 S   0,0   0,1   0:00.61 rsyslogd
   3204 aluno     20   0   95148   6208   5328 S   0,0   0,1   0:00.01 pipewire
   1591 root      20   0   87816   6140   2972 S   0,0   0,1   0:00.13 smbd-cl+
   3891 aluno     20   0  230248   6100   5508 S   0,0   0,1   0:00.02 dconf-s+
   3330 aluno     20   0   88960   5928   5472 S   0,0   0,1   0:00.00 gnome-s+
  88674 aluno     20   0   12040   5884   3700 R   0,0   0,1   0:00.00 top
  47178 aluno     20   0    8984   5404   3796 R  20,0   0,1  21:49.89 htop
   3405 aluno     20   0    9492   5388   4780 S   0,0   0,1   0:00.02 dbus-da+
   4051 aluno     20   0  215712   4508   3888 S   0,0   0,1   0:00.62 VBoxCli+
   2688 root      20   0  290204   3932   3384 S   0,0   0,1   0:15.36 VBoxSer+
  88667 aluno     20   0    7352   3692   3412 S   0,0   0,1   0:00.00 cpuUsag+
  88672 aluno     20   0    7352   3680   3412 S   0,0   0,1   0:00.00 000-top+
   3193 aluno     20   0   21480   3664   1848 S   0,0   0,1   0:00.00 (sd-pam)
   3233 rtkit     21   1   22948   3548   3252 S   0,0   0,1   0:00.87 rtkit-d+
    948 root      20   0    6836   2940   2696 S   0,0   0,0   0:00.54 cron
   4100 aluno     20   0  149008   2516   2136 S   0,0   0,0   0:09.38 VBoxCli+
  88498 aluno     20   0    6024   2468   2352 S   0,0   0,0   0:00.00 sleep
  88670 aluno     20   0    6024   2456   2344 S   0,0   0,0   0:00.00 sleep
   2686 root      20   0  350068   2452   2172 S   0,0   0,0   0:50.08 VBoxDRM+
   1493 kernoops  20   0   12752   2448   1968 S   0,0   0,0   0:00.07 kernelo+
   1503 kernoops  20   0   12752   2348   1864 S   0,0   0,0   0:00.06 kernelo+
   3311 root      20   0    2712   2100   1980 S   0,0   0,0   0:00.00 fusermo+
   4341 aluno     20   0    2808   1960   1808 S   0,0   0,0   0:00.08 sh
   4422 aluno     20   0    2808   1916   1808 S   0,0   0,0   0:00.00 sh
  88666 aluno     20   0    2808   1852   1748 S   0,0   0,0   0:00.00 sh
   4049 aluno     20   0   16904   1604   1248 S   0,0   0,0   0:00.00 VBoxCli+
   4099 aluno     20   0   16904   1584   1232 S   0,0   0,0   0:00.00 VBoxCli+
    966 avahi     20   0    8488   1528   1156 S   0,0   0,0   0:00.00 avahi-d+
      2 root      20   0       0      0      0 S   0,0   0,0   0:00.03 kthreadd
      3 root      20   0       0      0      0 S   0,0   0,0   0:00.00 pool_wo+
      4 root       0 -20       0      0      0 I   0,0   0,0   0:00.00 kworker+
      5 root       0 -20       0      0      0 I   0,0   0,0   0:00.00 kworker+
      6 root       0 -20       0      0      0 I   0,0   0,0   0:00.00 kworker+
      7 root       0 -20       0      0      0 I   0,0   0,0   0:00.00 kworker+
      8 root       0 -20       0      0      0 I   0,0   0,0   0:00.00 kworker+
     10 root       0 -20       0      0      0 I   0,0   0,0   0:00.00 kworker+
     12 root      20   0       0      0      0 I   0,0   0,0   0:00.00 kworker+
     13 root       0 -20       0      0      0 I   0,0   0,0   0:00.00 kworker+
     14 root      20   0       0      0      0 S   0,0   0,0   0:02.13 ksoftir+
     15 root      20   0       0      0      0 I   0,0   0,0   1:03.30 rcu_pre+
     16 root      20   0       0      0      0 S   0,0   0,0   0:00.00 rcu_exp+
     17 root      20   0       0      0      0 S   0,0   0,0   0:00.12 rcu_exp+
     18 root      rt   0       0      0      0 S   0,0   0,0   0:00.57 migrati+
     19 root      20   0       0      0      0 S   0,0   0,0   0:00.00 kprobe-+
     20 root     -51   0       0      0      0 S   0,0   0,0   0:00.00 idle_in+
     21 root      20   0       0      0      0 S   0,0   0,0   0:00.00 cpuhp/0
     22 root      20   0       0      0      0 S   0,0   0,0   0:00.00 cpuhp/1
     23 root     -51   0       0      0      0 S   0,0   0,0   0:00.00 idle_in+
     24 root      rt   0       0      0      0 S   0,0   0,0   0:01.00 migrati+
     25 root      20   0       0      0      0 S   0,0   0,0   0:00.41 ksoftir+
     27 root       0 -20       0      0      0 I   0,0   0,0   0:00.00 kworker+
     28 root      20   0       0      0      0 S   0,0   0,0   0:00.00 cpuhp/2
     29 root     -51   0       0      0      0 S   0,0   0,0   0:00.00 idle_in+
     30 root      rt   0       0      0      0 S   0,0   0,0   0:01.25 migrati+
     31 root      20   0       0      0      0 S   0,0   0,0   0:00.44 ksoftir+
     33 root       0 -20       0      0      0 I   0,0   0,0   0:00.00 kworker+
     34 root      20   0       0      0      0 S   0,0   0,0   0:00.00 cpuhp/3
     35 root     -51   0       0      0      0 S   0,0   0,0   0:00.00 idle_in+
     36 root      rt   0       0      0      0 S   0,0   0,0   0:01.73 migrati+
     37 root      20   0       0      0      0 S   0,0   0,0   0:03.51 ksoftir+
     39 root       0 -20       0      0      0 I   0,0   0,0   0:00.42 kworker+
     44 root      20   0       0      0      0 S   0,0   0,0   0:00.00 kdevtmp+
     45 root       0 -20       0      0      0 I   0,0   0,0   0:00.00 kworker+
     46 root      20   0       0      0      0 I   0,0   0,0   0:00.00 rcu_tas+
     47 root      20   0       0      0      0 I   0,0   0,0   0:00.00 rcu_tas+
     48 root      20   0       0      0      0 S   0,0   0,0   0:00.00 kauditd
     49 root      20   0       0      0      0 S   0,0   0,0   0:00.09 khungta+
     50 root      20   0       0      0      0 S   0,0   0,0   0:00.00 oom_rea+
     52 root       0 -20       0      0      0 I   0,0   0,0   0:00.00 kworker+
     54 root      20   0       0      0      0 S   0,0   0,0   0:05.09 kcompac+
     55 root      25   5       0      0      0 S   0,0   0,0   0:00.00 ksmd
     56 root      39  19       0      0      0 S   0,0   0,0   0:00.00 khugepa+
     57 root       0 -20       0      0      0 I   0,0   0,0   0:00.00 kworker+
     58 root       0 -20       0      0      0 I   0,0   0,0   0:00.00 kworker+
     59 root       0 -20       0      0      0 I   0,0   0,0   0:00.00 kworker+
     60 root     -51   0       0      0      0 S   0,0   0,0   0:00.00 irq/9-a+
     62 root       0 -20       0      0      0 I   0,0   0,0   0:00.00 kworker+
     63 root       0 -20       0      0      0 I   0,0   0,0   0:00.00 kworker+
     64 root       0 -20       0      0      0 I   0,0   0,0   0:00.00 kworker+
     65 root       0 -20       0      0      0 I   0,0   0,0   0:00.00 kworker+
     66 root       0 -20       0      0      0 I   0,0   0,0   0:00.00 kworker+
     67 root       0 -20       0      0      0 I   0,0   0,0   0:00.00 kworker+
     68 root       0 -20       0      0      0 I   0,0   0,0   0:00.00 kworker+
     69 root     -51   0       0      0      0 S   0,0   0,0   0:00.00 watchdo+
     70 root       0 -20       0      0      0 I   0,0   0,0   0:00.00 kworker+
     71 root      20   0       0      0      0 S   0,0   0,0   0:00.44 kswapd0
     73 root      20   0       0      0      0 S   0,0   0,0   0:00.00 ecryptf+
     74 root       0 -20       0      0      0 I   0,0   0,0   0:00.00 kworker+
     75 root       0 -20       0      0      0 I   0,0   0,0   0:00.00 kworker+
     77 root      20   0       0      0      0 S   0,0   0,0   0:00.02 scsi_eh+
     78 root       0 -20       0      0      0 I   0,0   0,0   0:00.00 kworker+
     79 root      20   0       0      0      0 S   0,0   0,0   0:00.00 scsi_eh+
     80 root       0 -20       0      0      0 I   0,0   0,0   0:00.00 kworker+
     84 root       0 -20       0      0      0 I   0,0   0,0   0:00.00 kworker+
     85 root       0 -20       0      0      0 I   0,0   0,0   0:00.00 kworker+
     86 root       0 -20       0      0      0 I   0,0   0,0   0:00.00 kworker+
     87 root      20   0       0      0      0 I   0,0   0,0   0:00.07 kworker+
     89 root       0 -20       0      0      0 I   0,0   0,0   0:00.00 kworker+
     90 root       0 -20       0      0      0 I   0,0   0,0   0:00.00 kworker+
     91 root       0 -20       0      0      0 I   0,0   0,0   0:00.00 kworker+
     92 root       0 -20       0      0      0 I   0,0   0,0   0:00.00 kworker+
     93 root       0 -20       0      0      0 I   0,0   0,0   0:00.00 kworker+
     97 root       0 -20       0      0      0 I   0,0   0,0   0:00.00 kworker+
     98 root       0 -20       0      0      0 I   0,0   0,0   0:00.54 kworker+
    109 root       0 -20       0      0      0 I   0,0   0,0   0:00.00 kworker+
    161 root      20   0       0      0      0 S   0,0   0,0   0:00.00 scsi_eh+
    162 root       0 -20       0      0      0 I   0,0   0,0   0:00.00 kworker+
    220 root      20   0       0      0      0 S   0,0   0,0   0:02.61 jbd2/sd+
    221 root       0 -20       0      0      0 I   0,0   0,0   0:00.00 kworker+
    261 root       0 -20       0      0      0 I   0,0   0,0   0:00.46 kworker+
    492 root      -2   0       0      0      0 S   0,0   0,0   0:00.00 psimon
    577 root     -51   0       0      0      0 S   0,0   0,0   0:00.00 irq/18-+
    578 root       0 -20       0      0      0 I   0,0   0,0   0:00.00 kworker+
   3150 root       0 -20       0      0      0 I   0,0   0,0   0:00.00 kworker+
   4470 root       0 -20       0      0      0 I   0,0   0,0   0:00.00 kworker+
   4775 root       0 -20       0      0      0 I   0,0   0,0   0:00.00 kworker+
   4799 root       0 -20       0      0      0 I   0,0   0,0   0:00.00 kworker+
   8298 root      20   0       0      0      0 I   0,0   0,0   0:00.54 kworker+
  48829 root       0 -20       0      0      0 I   0,0   0,0   0:00.67 kworker+
  53577 root      20   0       0      0      0 I   0,0   0,0   0:00.39 kworker+
  54951 root      20   0       0      0      0 I   0,0   0,0   0:00.36 kworker+
  58403 root      20   0       0      0      0 I   0,0   0,0   0:00.27 kworker+
  58591 root      20   0       0      0      0 I   0,0   0,0   0:00.11 kworker+
  58811 root      20   0       0      0      0 I   0,0   0,0   0:00.20 kworker+
  60267 root      20   0       0      0      0 I   0,0   0,0   0:00.26 kworker+
  66023 root      20   0       0      0      0 I   0,0   0,0   0:00.04 kworker+
  66531 root      20   0       0      0      0 I   0,0   0,0   0:00.00 kworker+
  66560 root      -2   0       0      0      0 S   0,0   0,0   0:00.00 psimon
  67095 root      20   0       0      0      0 I   0,0   0,0   0:00.00 kworker+
  69449 root      20   0       0      0      0 I   0,0   0,0   0:00.16 kworker+
  73325 root      20   0       0      0      0 I   0,0   0,0   0:00.00 kworker+
  75432 root      20   0       0      0      0 I   0,0   0,0   0:00.24 kworker+
  77333 root      20   0       0      0      0 I   0,0   0,0   0:00.00 kworker+
  79328 root      20   0       0      0      0 I   0,0   0,0   0:00.06 kworker+
  82595 root      20   0       0      0      0 I   0,0   0,0   0:00.07 kworker+
  83355 root      20   0       0      0      0 I   0,0   0,0   0:00.00 kworker+
  83532 root      20   0       0      0      0 I   0,0   0,0   0:00.68 kworker+
  86104 root      20   0       0      0      0 I   0,0   0,0   0:00.02 kworker+
  87418 root      20   0       0      0      0 I   0,0   0,0   0:00.00 kworker+
  87511 root      20   0       0      0      0 I   0,0   0,0   0:00.01 kworker+
