top - 09:28:14 up 23:25,  2 users,  load average: 0,07, 0,06, 0,05
Tarefas: 246 total,   1 em exec., 245 dormindo,   0 parado,   0 zumbi
%CPU(s):  2,2 us,  2,2 sy,  0,0 ni, 93,3 id,  0,0 wa,  0,0 hi,  2,2 si,  0,0 st 
GB mem :      5,8 total,      0,5 free,      1,6 used,      4,0 buff/cache     
GB swap:      4,0 total,      4,0 free,      0,0 used.      4,2 avail mem 

    PID USUARIO   PR  NI    VIRT    RES    SHR S  %CPU  %MEM    TEMPO+ COMANDO
   3390 aluno     20   0 4818,4m 377,0m 142,7m S   0,0   6,4   3:38.43 gnome-s+
  54827 aluno     30  10  812,7m 204,3m 109,5m S   0,0   3,5   0:04.29 update-+
   4501 aluno     20   0   21,9g 155,0m  62,7m S   0,0   2,6   1:18.80 node
   4426 aluno     20   0   11,3g 144,8m  53,5m S   0,0   2,4   0:39.75 node
   1599 root      20   0 2846,0m 116,3m  71,1m S   0,0   2,0   0:44.24 dockerd
   4043 aluno     20   0 1379,4m 102,1m  76,5m S   0,0   1,7   0:00.21 mutter-+
   3982 aluno     20   0  625,7m  83,9m  66,7m S   0,0   1,4   0:00.25 gsd-xse+
   4489 aluno     20   0 1138,1m  81,8m  48,2m S   0,0   1,4   1:28.59 node
   3834 aluno     20   0  239,4m  67,2m  53,8m S   0,0   1,1   0:00.14 Xwayland
   3602 aluno     20   0  809,7m  64,4m  50,6m S   0,0   1,1   0:00.44 evoluti+
   4512 aluno     20   0 1234,5m  61,5m  48,1m S   0,0   1,0   0:14.02 node
   4193 aluno     20   0  685,6m  60,4m  47,4m S   0,0   1,0   1:49.11 gnome-t+
   1445 root      20   0 2141,9m  55,5m  37,3m S   0,0   0,9   0:42.60 contain+
  13429 root      20   0  535,7m  46,6m  40,0m S   0,0   0,8   0:03.48 fwupd
   3515 aluno     20   0 1247,2m  43,2m  35,1m S   0,0   0,7   0:00.23 evoluti+
  33336 root      20   0 2023,9m  42,3m  26,5m S   0,0   0,7   0:07.01 snapd
   3994 aluno     20   0  822,0m  41,6m  31,6m S   0,0   0,7   0:00.27 xdg-des+
   4686 aluno     20   0  554,3m  34,4m  26,8m S   0,0   0,6   0:02.11 update-+
   4108 aluno     20   0  429,6m  34,0m  26,6m S   0,0   0,6   0:00.76 snapd-d+
   3833 aluno     20   0  732,0m  30,7m  26,6m S   0,0   0,5   0:00.22 evoluti+
   3739 aluno     20   0  410,0m  30,6m  19,4m S   0,0   0,5   0:02.99 ibus-ex+
   3925 aluno     39  19  715,2m  29,4m  18,6m S   0,0   0,5   0:00.55 tracker+
   3947 aluno     20   0 2598,2m  27,4m  22,5m S   0,0   0,5   0:00.09 gjs
   3533 aluno     20   0 2590,1m  27,2m  22,6m S   0,0   0,5   0:00.12 gjs
   4030 aluno     20   0  406,4m  27,1m  20,2m S   0,0   0,5   0:00.16 xdg-des+
    272 root      19  -1   73,7m  26,8m  25,3m S   0,0   0,5   0:02.72 systemd+
   3559 aluno     20   0  722,7m  26,7m  22,9m S   0,0   0,5   0:00.14 gsd-med+
   1570 root      20   0   88,3m  26,2m  23,0m S   0,0   0,4   0:00.31 smbd
   4028 aluno     20   0  259,2m  25,6m  18,9m S   0,0   0,4   0:00.14 ibus-x11
   3570 aluno     20   0  581,6m  25,4m  21,5m S   0,0   0,4   0:00.18 gsd-pow+
   3800 aluno     20   0  867,8m  25,0m  21,6m S   0,0   0,4   0:00.20 evoluti+
   3733 aluno     20   0  531,9m  24,9m  21,1m S   0,0   0,4   0:00.14 goa-dae+
   4359 aluno     20   0   46,5m  23,4m  17,0m S   0,0   0,4   0:27.15 code-10+
   1434 root      20   0  107,1m  23,0m  13,8m S   0,0   0,4   0:00.14 unatten+
   3578 aluno     20   0  473,4m  21,7m  18,3m S   0,0   0,4   0:00.15 gsd-wac+
   3542 aluno     20   0  401,7m  21,5m  18,5m S   0,0   0,4   0:00.38 gsd-col+
   1007 root      20   0  328,0m  21,3m  17,0m S   0,0   0,4   6:25.88 Network+
   3551 aluno     20   0  400,6m  20,8m  17,9m S   0,0   0,4   0:00.12 gsd-key+
   3359 aluno     20   0  650,9m  19,4m  16,7m S   0,0   0,3   0:00.13 gnome-s+
   3206 aluno      9 -11  395,3m  19,3m  14,3m S   0,0   0,3   0:00.18 wireplu+
   1539 root      20   0   76,7m  18,7m  15,8m S   0,0   0,3   0:45.97 nmbd
   3507 aluno     20   0  639,6m  17,9m  15,2m S   0,0   0,3   0:00.06 gnome-s+
   3250 aluno     20   0  289,0m  16,8m  14,9m S   0,0   0,3   0:00.04 gnome-s+
    931 gnome-r+  20   0  500,8m  16,6m  14,2m S   0,0   0,3   0:00.10 gnome-r+
   1474 colord    20   0  311,0m  15,7m  10,6m S   0,0   0,3   0:01.29 colord
   3840 aluno     20   0  404,1m  15,4m  13,4m S   0,0   0,3   0:00.02 gsd-pri+
   3985 aluno     20   0  683,2m  15,2m  12,4m S   0,0   0,3   0:02.15 xdg-des+
   3203 aluno      9 -11  110,6m  15,0m   9,0m S   0,0   0,3   0:00.18 pipewire
      1 root      20   0   23,0m  14,8m   9,6m S   0,0   0,2   0:12.35 systemd
    958 root      20   0  458,7m  14,3m  11,4m S   0,0   0,2   0:02.04 udisksd
   3207 aluno      9 -11  110,9m  13,5m   9,7m S   0,0   0,2   0:00.06 pipewir+
  57545 root      20   0   36,1m  13,4m  10,1m S   0,0   0,2   0:00.05 cupsd
   3575 aluno     20   0  528,7m  13,4m  10,6m S   0,0   0,2   0:00.41 gsd-sha+
    485 systemd+  20   0   21,1m  13,3m  11,1m S   0,0   0,2   0:04.77 systemd+
    938 polkitd   20   0  307,9m  12,9m   9,0m S   0,0   0,2   0:02.83 polkitd
   1081 root      20   0  382,9m  12,7m  10,7m S   0,0   0,2   0:00.13 ModemMa+
   3539 aluno     20   0  449,7m  12,7m   7,5m S   0,0   0,2   0:01.58 ibus-da+
   3546 aluno     20   0  419,5m  12,7m  11,3m S   0,0   0,2   0:00.02 gsd-dat+
   3192 aluno     20   0   20,9m  12,5m   9,4m S   0,0   0,2   0:04.28 systemd
   3572 aluno     20   0  314,3m  12,3m  10,3m S   0,0   0,2   0:07.24 gsd-pri+
   3710 aluno     20   0  378,3m  11,2m   9,2m S   0,0   0,2   0:01.93 gvfs-ud+
   3185 root      20   0  234,4m  10,9m   9,6m S   0,0   0,2   0:00.01 gdm-ses+
   4255 root      20   0   14,9m  10,8m   9,0m S   0,0   0,2   0:00.02 sshd
   3577 aluno     20   0  382,4m  10,4m   9,2m S   0,0   0,2   0:00.03 gsd-sou+
   3209 aluno     20   0  306,7m  10,0m   9,0m S   0,0   0,2   0:00.05 gnome-k+
   3178 root      20   0  305,2m   9,8m   8,7m S   0,0   0,2   0:00.02 gdm3
   3789 aluno     20   0  377,9m   9,8m   8,7m S   0,0   0,2   0:00.52 goa-ide+
   3903 aluno     20   0  593,1m   9,7m   8,2m S   0,0   0,2   0:00.14 gvfsd-t+
   3534 root      20   0  307,0m   9,3m   7,8m S   0,0   0,2   0:00.10 upowerd
    956 root      20   0   17,7m   8,9m   7,8m S   0,0   0,2   0:04.07 systemd+
   3576 aluno     20   0  374,8m   8,8m   7,9m S   0,0   0,1   0:00.01 gsd-sma+
    353 root      20   0   30,2m   8,7m   5,0m S   0,0   0,1   0:00.52 systemd+
   3548 aluno     20   0  446,2m   8,6m   7,7m S   0,0   0,1   0:00.96 gsd-hou+
    947 root      20   0  303,9m   8,4m   7,4m S   0,0   0,1   0:02.17 account+
   3344 aluno     20   0  304,7m   8,3m   7,5m S   0,0   0,1   0:00.03 gvfsd
   3790 aluno     20   0  377,9m   8,3m   7,2m S   0,0   0,1   0:04.41 gvfs-af+
   4253 root      20   0   11,7m   8,2m   7,1m S   0,0   0,1   0:00.00 sshd
   3861 aluno     20   0  229,1m   7,9m   7,1m S   0,0   0,1   0:00.56 ibus-en+
   3389 aluno     20   0  374,0m   7,9m   7,1m S   0,0   0,1   0:00.01 at-spi-+
   3285 aluno     20   0  593,8m   7,8m   7,1m S   0,0   0,1   0:00.05 xdg-doc+
    876 systemd+  20   0   88,9m   7,8m   6,8m S   0,0   0,1   0:00.33 systemd+
   3732 aluno     20   0  301,2m   7,8m   7,1m S   0,0   0,1   0:00.00 ibus-dc+
   3462 aluno     20   0  230,5m   7,7m   7,0m S   0,0   0,1   0:00.00 at-spi2+
   4202 root      20   0  303,9m   7,7m   7,0m S   0,0   0,1   0:00.03 power-p+
    469 systemd+  20   0   17,2m   7,6m   6,8m S   0,0   0,1   0:17.52 systemd+
   3352 aluno     20   0  446,9m   7,6m   6,8m S   0,0   0,1   0:00.01 gvfsd-f+
   3610 aluno     20   0  298,3m   7,6m   6,2m S   0,0   0,1   0:00.02 gsd-dis+
   3743 aluno     20   0  300,9m   7,6m   6,9m S   0,0   0,1   0:00.02 ibus-po+
    926 avahi     20   0   11,3m   7,6m   4,2m S   0,0   0,1   6:44.19 avahi-d+
    927 message+  20   0   12,0m   7,5m   4,6m S   0,0   0,1   0:41.54 dbus-da+
   3573 aluno     20   0  516,5m   7,4m   6,6m S   0,0   0,1   0:00.10 gsd-rfk+
   4340 aluno     20   0   15,1m   7,4m   5,2m S   0,0   0,1   0:12.22 sshd
   3540 aluno     20   0  372,5m   7,3m   6,7m S   0,0   0,1   0:00.03 gsd-a11+
    949 root      20   0  300,2m   7,3m   6,6m S   0,0   0,1   0:00.08 switche+
   3822 aluno     20   0  301,1m   7,1m   6,4m S   0,0   0,1   0:00.01 gvfs-gp+
   3329 aluno     20   0  158,8m   6,9m   6,3m S   0,0   0,1   0:00.00 gcr-ssh+
  57604 lp        20   0   16,4m   6,9m   6,0m S   0,0   0,1   0:00.00 dbus
   3806 aluno     20   0  300,2m   6,9m   6,3m S   0,0   0,1   0:00.01 gvfs-go+
   3815 aluno     20   0  300,1m   6,8m   6,2m S   0,0   0,1   0:00.00 gvfs-mt+
   4001 aluno     20   0  228,4m   6,8m   6,2m S   0,0   0,1   0:00.01 gvfsd-m+
   4633 aluno     20   0    9,6m   6,7m   4,2m S   0,0   0,1   0:00.47 bash
   3218 aluno     20   0   10,6m   6,7m   4,7m S   0,0   0,1   0:00.60 dbus-da+
   1590 root      20   0   85,8m   6,6m   3,5m S   0,0   0,1   0:00.12 smbd-no+
   3574 aluno     20   0  299,9m   6,6m   6,0m S   0,0   0,1   0:00.02 gsd-scr+
   3244 aluno     20   0  227,9m   6,6m   6,0m S   0,0   0,1   0:00.00 gdm-way+
   3302 aluno     20   0  299,8m   6,6m   6,0m S   0,0   0,1   0:00.00 xdg-per+
   1008 root      20   0   17,0m   6,5m   5,7m S   0,0   0,1   0:00.47 wpa_sup+
   4212 aluno     20   0    9,3m   6,4m   4,1m S   0,0   0,1   0:00.08 bash
   3205 aluno     20   0  296,8m   6,3m   5,7m S   0,0   0,1   0:00.59 user-se+
   1070 syslog    20   0  217,4m   6,2m   4,5m S   0,0   0,1   0:00.61 rsyslogd
   3204 aluno     20   0   92,9m   6,1m   5,2m S   0,0   0,1   0:00.01 pipewire
   1591 root      20   0   85,8m   6,0m   2,9m S   0,0   0,1   0:00.13 smbd-cl+
   3891 aluno     20   0  224,9m   6,0m   5,4m S   0,0   0,1   0:00.02 dconf-s+
   3330 aluno     20   0   86,9m   5,8m   5,3m S   0,0   0,1   0:00.00 gnome-s+
  88675 aluno     20   0   11,8m   5,7m   3,6m R   0,0   0,1   0:00.00 top
  47178 aluno     20   0    8,8m   5,3m   3,7m S   0,0   0,1  21:49.91 htop
   3405 aluno     20   0    9,3m   5,3m   4,7m S   0,0   0,1   0:00.02 dbus-da+
   4051 aluno     20   0  210,7m   4,4m   3,8m S   0,0   0,1   0:00.62 VBoxCli+
   2688 root      20   0  283,4m   3,8m   3,3m S   0,0   0,1   0:15.36 VBoxSer+
  88672 aluno     20   0    7,2m   3,7m   3,4m S   0,0   0,1   0:00.00 000-top+
   3193 aluno     20   0   21,0m   3,6m   1,8m S   0,0   0,1   0:00.00 (sd-pam)
   3233 rtkit     21   1   22,4m   3,5m   3,2m S   0,0   0,1   0:00.87 rtkit-d+
    948 root      20   0    6,7m   2,9m   2,6m S   0,0   0,0   0:00.54 cron
   4100 aluno     20   0  145,5m   2,5m   2,1m S   0,0   0,0   0:09.38 VBoxCli+
  88498 aluno     20   0    5,9m   2,4m   2,3m S   0,0   0,0   0:00.00 sleep
   2686 root      20   0  341,9m   2,4m   2,1m S   0,0   0,0   0:50.08 VBoxDRM+
   1493 kernoops  20   0   12,5m   2,4m   1,9m S   0,0   0,0   0:00.07 kernelo+
   1503 kernoops  20   0   12,5m   2,3m   1,8m S   0,0   0,0   0:00.06 kernelo+
   3311 root      20   0    2,6m   2,1m   1,9m S   0,0   0,0   0:00.00 fusermo+
   4341 aluno     20   0    2,7m   1,9m   1,8m S   0,0   0,0   0:00.08 sh
   4422 aluno     20   0    2,7m   1,9m   1,8m S   0,0   0,0   0:00.00 sh
   4049 aluno     20   0   16,5m   1,6m   1,2m S   0,0   0,0   0:00.00 VBoxCli+
   4099 aluno     20   0   16,5m   1,5m   1,2m S   0,0   0,0   0:00.00 VBoxCli+
    966 avahi     20   0    8,3m   1,5m   1,1m S   0,0   0,0   0:00.00 avahi-d+
      2 root      20   0    0,0m   0,0m   0,0m S   0,0   0,0   0:00.03 kthreadd
      3 root      20   0    0,0m   0,0m   0,0m S   0,0   0,0   0:00.00 pool_wo+
      4 root       0 -20    0,0m   0,0m   0,0m I   0,0   0,0   0:00.00 kworker+
      5 root       0 -20    0,0m   0,0m   0,0m I   0,0   0,0   0:00.00 kworker+
      6 root       0 -20    0,0m   0,0m   0,0m I   0,0   0,0   0:00.00 kworker+
      7 root       0 -20    0,0m   0,0m   0,0m I   0,0   0,0   0:00.00 kworker+
      8 root       0 -20    0,0m   0,0m   0,0m I   0,0   0,0   0:00.00 kworker+
     10 root       0 -20    0,0m   0,0m   0,0m I   0,0   0,0   0:00.00 kworker+
     12 root      20   0    0,0m   0,0m   0,0m I   0,0   0,0   0:00.00 kworker+
     13 root       0 -20    0,0m   0,0m   0,0m I   0,0   0,0   0:00.00 kworker+
     14 root      20   0    0,0m   0,0m   0,0m S   0,0   0,0   0:02.13 ksoftir+
     15 root      20   0    0,0m   0,0m   0,0m I   0,0   0,0   1:03.30 rcu_pre+
     16 root      20   0    0,0m   0,0m   0,0m S   0,0   0,0   0:00.00 rcu_exp+
     17 root      20   0    0,0m   0,0m   0,0m S   0,0   0,0   0:00.12 rcu_exp+
     18 root      rt   0    0,0m   0,0m   0,0m S   0,0   0,0   0:00.57 migrati+
     19 root      20   0    0,0m   0,0m   0,0m S   0,0   0,0   0:00.00 kprobe-+
     20 root     -51   0    0,0m   0,0m   0,0m S   0,0   0,0   0:00.00 idle_in+
     21 root      20   0    0,0m   0,0m   0,0m S   0,0   0,0   0:00.00 cpuhp/0
     22 root      20   0    0,0m   0,0m   0,0m S   0,0   0,0   0:00.00 cpuhp/1
     23 root     -51   0    0,0m   0,0m   0,0m S   0,0   0,0   0:00.00 idle_in+
     24 root      rt   0    0,0m   0,0m   0,0m S   0,0   0,0   0:01.00 migrati+
     25 root      20   0    0,0m   0,0m   0,0m S   0,0   0,0   0:00.41 ksoftir+
     27 root       0 -20    0,0m   0,0m   0,0m I   0,0   0,0   0:00.00 kworker+
     28 root      20   0    0,0m   0,0m   0,0m S   0,0   0,0   0:00.00 cpuhp/2
     29 root     -51   0    0,0m   0,0m   0,0m S   0,0   0,0   0:00.00 idle_in+
     30 root      rt   0    0,0m   0,0m   0,0m S   0,0   0,0   0:01.25 migrati+
     31 root      20   0    0,0m   0,0m   0,0m S   0,0   0,0   0:00.44 ksoftir+
     33 root       0 -20    0,0m   0,0m   0,0m I   0,0   0,0   0:00.00 kworker+
     34 root      20   0    0,0m   0,0m   0,0m S   0,0   0,0   0:00.00 cpuhp/3
     35 root     -51   0    0,0m   0,0m   0,0m S   0,0   0,0   0:00.00 idle_in+
     36 root      rt   0    0,0m   0,0m   0,0m S   0,0   0,0   0:01.73 migrati+
     37 root      20   0    0,0m   0,0m   0,0m S   0,0   0,0   0:03.51 ksoftir+
     39 root       0 -20    0,0m   0,0m   0,0m I   0,0   0,0   0:00.42 kworker+
     44 root      20   0    0,0m   0,0m   0,0m S   0,0   0,0   0:00.00 kdevtmp+
     45 root       0 -20    0,0m   0,0m   0,0m I   0,0   0,0   0:00.00 kworker+
     46 root      20   0    0,0m   0,0m   0,0m I   0,0   0,0   0:00.00 rcu_tas+
     47 root      20   0    0,0m   0,0m   0,0m I   0,0   0,0   0:00.00 rcu_tas+
     48 root      20   0    0,0m   0,0m   0,0m S   0,0   0,0   0:00.00 kauditd
     49 root      20   0    0,0m   0,0m   0,0m S   0,0   0,0   0:00.09 khungta+
     50 root      20   0    0,0m   0,0m   0,0m S   0,0   0,0   0:00.00 oom_rea+
     52 root       0 -20    0,0m   0,0m   0,0m I   0,0   0,0   0:00.00 kworker+
     54 root      20   0    0,0m   0,0m   0,0m S   0,0   0,0   0:05.09 kcompac+
     55 root      25   5    0,0m   0,0m   0,0m S   0,0   0,0   0:00.00 ksmd
     56 root      39  19    0,0m   0,0m   0,0m S   0,0   0,0   0:00.00 khugepa+
     57 root       0 -20    0,0m   0,0m   0,0m I   0,0   0,0   0:00.00 kworker+
     58 root       0 -20    0,0m   0,0m   0,0m I   0,0   0,0   0:00.00 kworker+
     59 root       0 -20    0,0m   0,0m   0,0m I   0,0   0,0   0:00.00 kworker+
     60 root     -51   0    0,0m   0,0m   0,0m S   0,0   0,0   0:00.00 irq/9-a+
     62 root       0 -20    0,0m   0,0m   0,0m I   0,0   0,0   0:00.00 kworker+
     63 root       0 -20    0,0m   0,0m   0,0m I   0,0   0,0   0:00.00 kworker+
     64 root       0 -20    0,0m   0,0m   0,0m I   0,0   0,0   0:00.00 kworker+
     65 root       0 -20    0,0m   0,0m   0,0m I   0,0   0,0   0:00.00 kworker+
     66 root       0 -20    0,0m   0,0m   0,0m I   0,0   0,0   0:00.00 kworker+
     67 root       0 -20    0,0m   0,0m   0,0m I   0,0   0,0   0:00.00 kworker+
     68 root       0 -20    0,0m   0,0m   0,0m I   0,0   0,0   0:00.00 kworker+
     69 root     -51   0    0,0m   0,0m   0,0m S   0,0   0,0   0:00.00 watchdo+
     70 root       0 -20    0,0m   0,0m   0,0m I   0,0   0,0   0:00.00 kworker+
     71 root      20   0    0,0m   0,0m   0,0m S   0,0   0,0   0:00.44 kswapd0
     73 root      20   0    0,0m   0,0m   0,0m S   0,0   0,0   0:00.00 ecryptf+
     74 root       0 -20    0,0m   0,0m   0,0m I   0,0   0,0   0:00.00 kworker+
     75 root       0 -20    0,0m   0,0m   0,0m I   0,0   0,0   0:00.00 kworker+
     77 root      20   0    0,0m   0,0m   0,0m S   0,0   0,0   0:00.02 scsi_eh+
     78 root       0 -20    0,0m   0,0m   0,0m I   0,0   0,0   0:00.00 kworker+
     79 root      20   0    0,0m   0,0m   0,0m S   0,0   0,0   0:00.00 scsi_eh+
     80 root       0 -20    0,0m   0,0m   0,0m I   0,0   0,0   0:00.00 kworker+
     84 root       0 -20    0,0m   0,0m   0,0m I   0,0   0,0   0:00.00 kworker+
     85 root       0 -20    0,0m   0,0m   0,0m I   0,0   0,0   0:00.00 kworker+
     86 root       0 -20    0,0m   0,0m   0,0m I   0,0   0,0   0:00.00 kworker+
     87 root      20   0    0,0m   0,0m   0,0m I   0,0   0,0   0:00.07 kworker+
     89 root       0 -20    0,0m   0,0m   0,0m I   0,0   0,0   0:00.00 kworker+
     90 root       0 -20    0,0m   0,0m   0,0m I   0,0   0,0   0:00.00 kworker+
     91 root       0 -20    0,0m   0,0m   0,0m I   0,0   0,0   0:00.00 kworker+
     92 root       0 -20    0,0m   0,0m   0,0m I   0,0   0,0   0:00.00 kworker+
     93 root       0 -20    0,0m   0,0m   0,0m I   0,0   0,0   0:00.00 kworker+
     97 root       0 -20    0,0m   0,0m   0,0m I   0,0   0,0   0:00.00 kworker+
     98 root       0 -20    0,0m   0,0m   0,0m I   0,0   0,0   0:00.54 kworker+
    109 root       0 -20    0,0m   0,0m   0,0m I   0,0   0,0   0:00.00 kworker+
    161 root      20   0    0,0m   0,0m   0,0m S   0,0   0,0   0:00.00 scsi_eh+
    162 root       0 -20    0,0m   0,0m   0,0m I   0,0   0,0   0:00.00 kworker+
    220 root      20   0    0,0m   0,0m   0,0m S   0,0   0,0   0:02.61 jbd2/sd+
    221 root       0 -20    0,0m   0,0m   0,0m I   0,0   0,0   0:00.00 kworker+
    261 root       0 -20    0,0m   0,0m   0,0m I   0,0   0,0   0:00.46 kworker+
    492 root      -2   0    0,0m   0,0m   0,0m S   0,0   0,0   0:00.00 psimon
    577 root     -51   0    0,0m   0,0m   0,0m S   0,0   0,0   0:00.00 irq/18-+
    578 root       0 -20    0,0m   0,0m   0,0m I   0,0   0,0   0:00.00 kworker+
   3150 root       0 -20    0,0m   0,0m   0,0m I   0,0   0,0   0:00.00 kworker+
   4470 root       0 -20    0,0m   0,0m   0,0m I   0,0   0,0   0:00.00 kworker+
   4775 root       0 -20    0,0m   0,0m   0,0m I   0,0   0,0   0:00.00 kworker+
   4799 root       0 -20    0,0m   0,0m   0,0m I   0,0   0,0   0:00.00 kworker+
   8298 root      20   0    0,0m   0,0m   0,0m I   0,0   0,0   0:00.54 kworker+
  48829 root       0 -20    0,0m   0,0m   0,0m I   0,0   0,0   0:00.67 kworker+
  53577 root      20   0    0,0m   0,0m   0,0m I   0,0   0,0   0:00.39 kworker+
  54951 root      20   0    0,0m   0,0m   0,0m I   0,0   0,0   0:00.36 kworker+
  58403 root      20   0    0,0m   0,0m   0,0m I   0,0   0,0   0:00.27 kworker+
  58591 root      20   0    0,0m   0,0m   0,0m I   0,0   0,0   0:00.11 kworker+
  58811 root      20   0    0,0m   0,0m   0,0m I   0,0   0,0   0:00.20 kworker+
  60267 root      20   0    0,0m   0,0m   0,0m I   0,0   0,0   0:00.26 kworker+
  66023 root      20   0    0,0m   0,0m   0,0m I   0,0   0,0   0:00.04 kworker+
  66531 root      20   0    0,0m   0,0m   0,0m I   0,0   0,0   0:00.00 kworker+
  66560 root      -2   0    0,0m   0,0m   0,0m S   0,0   0,0   0:00.00 psimon
  67095 root      20   0    0,0m   0,0m   0,0m I   0,0   0,0   0:00.00 kworker+
  69449 root      20   0    0,0m   0,0m   0,0m I   0,0   0,0   0:00.16 kworker+
  73325 root      20   0    0,0m   0,0m   0,0m I   0,0   0,0   0:00.00 kworker+
  75432 root      20   0    0,0m   0,0m   0,0m I   0,0   0,0   0:00.24 kworker+
  77333 root      20   0    0,0m   0,0m   0,0m I   0,0   0,0   0:00.00 kworker+
  79328 root      20   0    0,0m   0,0m   0,0m I   0,0   0,0   0:00.06 kworker+
  82595 root      20   0    0,0m   0,0m   0,0m I   0,0   0,0   0:00.07 kworker+
  83355 root      20   0    0,0m   0,0m   0,0m I   0,0   0,0   0:00.00 kworker+
  83532 root      20   0    0,0m   0,0m   0,0m I   0,0   0,0   0:00.68 kworker+
  86104 root      20   0    0,0m   0,0m   0,0m I   0,0   0,0   0:00.02 kworker+
  87418 root      20   0    0,0m   0,0m   0,0m I   0,0   0,0   0:00.00 kworker+
  87511 root      20   0    0,0m   0,0m   0,0m I   0,0   0,0   0:00.01 kworker+
